blake3 circuit
--
Gates & Instructions
├─ Number of gates: 13,064
└─ Number of evaluation instructions: 13,064

Constraints
├─ AND constraints: 11,920 used (72.8% of 2^14)
│  [▓▓▓▓▓▓▓░░░] spare: 4,464
├─ MUL constraints: 0 used (0.0% of 2^0)
│  [░░░░░░░░░░] spare: 1
└─ Distinct value indices: 27,522
   ├─ Distinct shifted value indices: 15,296
   └─ Distinct unshifted value indices: 12,226

Value Vector
├─ Public Section: 14 used (87.5% of 2^4)
│  [▓▓▓▓▓▓▓▓░░] spare: 2
│  ├─ Constants: 14
│  └─ Inout: 0
├─ Private Section: 12,216 used (74.6%)
│  [▓▓▓▓▓▓▓░░░] spare: 4,152
│  ├─ Witness: 136
│  └─ Internal: 12,080
├─ Total Committed: 12,230 used (74.6% of 2^14)
│  [▓▓▓▓▓▓▓░░░] spare: 4,154
└─ Scratch (uncommitted): 6,352

